TensorRT integration change log (eddy_matmulfreellm)
=====================================================

2026-05-07
----------
- Added tensorrt_generation.py: shared ONNX export, Triton-op patching, CUDAGraphAccelerator,
  ONNXTRTAccelerator, decode loop. TRT cache paths are derived from model_name (md5 prefix)
  so different checkpoints do not share one engine file.
- Refactored benchmark_trt.py to import from tensorrt_generation.py; behavior preserved;
  ONNXTRTAccelerator now receives model_name=MODEL_NAME for cache names.
- Updated generate.py: argparse (--model, --max-length, --iterations, --tensorrt,
  --rebuild-trt-engine); --tensorrt wraps inference in ONNXTRTAccelerator after HF load;
  optional --fixed-point still applied before TRT; exits with message if TRT/pycuda missing.
- Note: previous fixed cache /tmp/mmfreelm_jetson.engine is superseded by per-model paths
  under /tmp/mmfreelm_<hash>.{engine,onnx}.

- ONNX export: for seq_len > 1 the HGRN layer used Triton fused_recurrent_hgrn (not traceable).
  _export_onnx() temporarily binds naive_recurrent_hgrn in recurrent_fuse and hgrn_bit; restores
  after export. TRT engine then runs the exported graph (no Triton at inference).

generate.py run (sandbox): 2026-05-07 — HF DNS flake; model shards loaded from cache;
  CUDA failed in sandbox (NvRm / driver). Re-run on-device: python3 generate.py [--tensorrt].

generate.py run (device): 2026-05-07 — PyTorch path OK with --model ridger/MMfreeLM-370M.

TensorRT: ONNX export OK after naive recurrent patch; trt.Builder failed with CUDA error 35
  in this environment (TRT vs driver/context). Retry on a healthy JetPack CUDA stack.

Default ridger/MMfreeLM-2.7B: NvMapMemAlloc / allocator error when moving full model to GPU
  (OOM). Use --model ridger/MMfreeLM-370M on this device or free GPU memory and rerun.

2026-05-07 (FLOPs / inference)
---------------------------
- PureTorchFusedBitLinear: in eval mode cache one weight_quant() tensor (same as FusedBitLinear
  cached_weights); training still recomputes. Removes O(|W|) quant work every forward/token.
- ternary_quantize() now defers to mmfreelm.ops.fusedbitnet.weight_quant for bitwise parity with
  FusedBitLinear.
- PureTorchFusedRMSNormSwishGate: correct RMSNorm + weight * (o * sigmoid(o)) matching
  FusedRMSNormSwishGate Triton kernel; patch dispatcher no longer maps swish modules to plain
  RMSNorm (that mis-wired recurrent output as “residual”).
- generate.py: dense 2|θ| GFLOPS/s plus scaled “ternary MAC~” column using 1.58/16 heuristic.
- Patched vs full Triton logits can differ at ~0.5 relative L2 in FP16 (unfused vs fused kernels);
  acceptable for TRT/export path; use full Triton for bit-exact checks.

- GPU_MEMORY_NOTES.txt: ongoing VRAM/utilization checklist; generate.py gains --low-cpu-mem and
  --no-cache (use_cache=False) for marginal footprint / long-run savings.

2026-07-28 (ONNX dynamic sequence fix)
--------------------------------------
- Root cause: naive_recurrent_hgrn uses `for i in range(T)`; torch.onnx.export unrolls that loop
  at the trace length (dummy seq=8), producing Gather nodes with constant indices. Runtime fails
  for any other seq (Gather out of bounds) and TRT outputs garbage.
- Fix: onnx_recurrent_hgrn in mmfreelm/ops/hgrn/naive.py — closed-form scan using
  exp(cumsum(log(g))) and cumsum (ONNX opset 17 has CumSum, not CumProd).
- tensorrt_generation._export_onnx uses onnx_recurrent_hgrn; traces at seq=1 dummy input.
- tests/test_onnx_export.py validates recurrent parity and ORT vs patched-PyTorch argmax.
- scripts/export_onnx_for_trt.py exports ONNX only for remote trtexec build.
- Remaining: patch_all_triton_ops (PureTorchFusedBitLinear) still diverges from Triton FusedBitLinear
  vs raw HF (~9 logits L2); FP16 TRT may drift on greedy decode after ~7 tokens vs patched PT.
  Use --trt-fp32 or CUDA Graphs for HF-matching inference until BitLinear export path is fixed.

2026-07-28 (export patch accuracy)
--------------------------------
- PureTorchRMSNorm: use rms_norm_ref() and return merged residual on prenorm=True (was returning
  the unmerged residual tensor, breaking mlp_norm residual path — ~9 logits max diff vs HF).
- PureTorchFusedBitLinear: mirror layer_norm_linear_quant_fn via _layer_norm_fwd_quant_ref
  (floor-based int8 activation quant) and reuse FusedBitLinear cached_weights/cached_scale when set.
- Patched PyTorch now matches raw HF argmax on tested prompts; greedy 16-token decode full match.
- ONNX ORT (CPU) argmax matches raw HF on tested prompts (max logit diff ~0.7).
- tests/test_onnx_export.py: test_patched_pytorch_matches_raw_hf regression test.

